[INFO] Scanning for projects...
[INFO] 
[INFO] ------------< org.springframework.samples:spring-petclinic >------------
[INFO] Building petclinic 4.0.0-SNAPSHOT
[INFO]   from pom.xml
[INFO] --------------------------------[ jar ]---------------------------------
[INFO] 
[INFO] --- enforcer:3.6.3:enforce (enforce-java) @ spring-petclinic ---
[INFO] Rule 0: org.apache.maven.enforcer.rules.version.RequireJavaVersion passed
[INFO] 
[INFO] --- spring-javaformat:0.0.47:validate (default) @ spring-petclinic ---
[INFO] 
[INFO] --- checkstyle:3.6.0:check (nohttp-checkstyle-validation) @ spring-petclinic ---
[INFO] You have 0 Checkstyle violations.
[INFO] 
[INFO] --- jacoco:0.8.15:prepare-agent (default) @ spring-petclinic ---
[INFO] argLine set to -javaagent:/home/zhang/.m2/repository/org/jacoco/org.jacoco.agent/0.8.15/org.jacoco.agent-0.8.15-runtime.jar=destfile=/tmp/petclinic-upgrade-20260930/target/jacoco.exec
[INFO] 
[INFO] --- git-commit-id:9.2.0:revision (default) @ spring-petclinic ---
[INFO] dotGitDirectory '/tmp/petclinic-upgrade-20260930/.git'
[INFO] Collected git.build.user.name with value yipintangzsp
[INFO] Collected git.build.user.email with value shiwu6437@gmail.com
[INFO] Collected git.branch with value main
[INFO] Collected git.commit.id.describe with value dcp-v1.28.0-monitoring-observability-23-g82d4b75-dirty
[INFO] Collected git.commit.id.describe-short with value dcp-v1.28.0-monitoring-observability-23-dirty
[INFO] Collected git.commit.id with value 82d4b75d630f46d8de8099d2a6e234e2d3b5deb2
[INFO] Collected git.commit.id.abbrev with value 82d4b75
[INFO] Collected git.dirty with value true
[INFO] Collected git.commit.user.name with value yipintangzsp
[INFO] Collected git.commit.user.email with value shiwu6437@gmail.com
[INFO] Collected git.commit.message.full with value security: run petclinic as non-root
[INFO] Collected git.commit.message.short with value security: run petclinic as non-root
[INFO] Collected git.commit.time with value 2026-09-15T22:38:44+08:00
[INFO] Collected git.commit.author.time with value 2026-09-15T22:38:44+08:00
[INFO] Collected git.commit.committer.time with value 2026-09-15T22:38:44+08:00
[INFO] Collected git.remote.origin.url with value git@github.com:yipintangzsp/spring-petclinic.git
[INFO] Collected git.tags with value 
[INFO] Collected git.tag with value 
[INFO] Collected git.closest.tag.name with value dcp-v1.28.0-monitoring-observability
[INFO] Collected git.closest.tag.commit.count with value 23
[INFO] Collected git.total.commit.count with value 1114
[INFO] Collected git.local.branch.ahead with value 0
[INFO] Collected git.local.branch.behind with value 0
[INFO] Collected git.build.time with value 2024-11-28T22:37:52+08:00
[INFO] Collected git.build.version with value 4.0.0-SNAPSHOT
[INFO] Collected git.build.host with value devops
[INFO] including property 'git.tags' in results
[INFO] including property 'git.build.version' in results
[INFO] including property 'git.branch' in results
[INFO] including property 'git.build.host' in results
[INFO] including property 'git.commit.id' in results
[INFO] including property 'git.commit.user.email' in results
[INFO] including property 'git.local.branch.behind' in results
[INFO] including property 'git.commit.author.time' in results
[INFO] including property 'git.build.user.name' in results
[INFO] including property 'git.dirty' in results
[INFO] including property 'git.closest.tag.commit.count' in results
[INFO] including property 'git.commit.user.name' in results
[INFO] including property 'git.commit.id.abbrev' in results
[INFO] including property 'git.commit.id.describe-short' in results
[INFO] including property 'git.total.commit.count' in results
[INFO] including property 'git.commit.id.describe' in results
[INFO] including property 'git.build.user.email' in results
[INFO] including property 'git.commit.message.short' in results
[INFO] including property 'git.commit.committer.time' in results
[INFO] including property 'git.tag' in results
[INFO] including property 'git.closest.tag.name' in results
[INFO] including property 'git.local.branch.ahead' in results
[INFO] including property 'git.commit.time' in results
[INFO] including property 'git.build.time' in results
[INFO] including property 'git.commit.message.full' in results
[INFO] including property 'git.remote.origin.url' in results
[INFO] Reading existing properties file [/tmp/petclinic-upgrade-20260930/target/classes/git.properties] (for project petclinic)...
[INFO] Properties file [/tmp/petclinic-upgrade-20260930/target/classes/git.properties] is up-to-date (for module petclinic)...
[INFO] 
[INFO] --- spring-boot:4.1.0:build-info (default) @ spring-petclinic ---
[WARNING] Goal makeAggregateBom requires online mode for execution but Maven is currently offline, skipping
[INFO] 
[INFO] --- resources:3.5.0:resources (default-resources) @ spring-petclinic ---
[INFO] Copying 3 resources from src/main/resources to target/classes
[INFO] Copying 51 resources from src/main/resources to target/classes
[INFO] 
[INFO] --- compiler:3.15.0:compile (default-compile) @ spring-petclinic ---
[INFO] Nothing to compile - all classes are up to date.
[INFO] 
[INFO] --- resources:3.5.0:testResources (default-testResources) @ spring-petclinic ---
[INFO] skip non existing resourceDirectory /tmp/petclinic-upgrade-20260930/src/test/resources
[INFO] 
[INFO] --- compiler:3.15.0:testCompile (default-testCompile) @ spring-petclinic ---
[INFO] Nothing to compile - all classes are up to date.
[INFO] 
[INFO] --- surefire:3.5.6:test (default-test) @ spring-petclinic ---
[WARNING]  Parameter 'systemProperties' is deprecated: use systemPropertyVariables instead
[INFO] Tests are skipped.
[INFO] 
[INFO] --- jacoco:0.8.15:report (report) @ spring-petclinic ---
[INFO] Loading execution data file /tmp/petclinic-upgrade-20260930/target/jacoco.exec
[INFO] Analyzed bundle 'petclinic' with 27 classes
[INFO] 
[INFO] --- jar:3.5.0:jar (default-jar) @ spring-petclinic ---
[INFO] Building jar: /tmp/petclinic-upgrade-20260930/target/spring-petclinic-4.0.0-SNAPSHOT.jar
[INFO] 
[INFO] --- spring-boot:4.1.0:repackage (repackage) @ spring-petclinic ---
[INFO] Replacing main artifact /tmp/petclinic-upgrade-20260930/target/spring-petclinic-4.0.0-SNAPSHOT.jar with repackaged archive, adding nested dependencies in BOOT-INF/.
[INFO] The original artifact has been renamed to /tmp/petclinic-upgrade-20260930/target/spring-petclinic-4.0.0-SNAPSHOT.jar.original
[INFO] ------------------------------------------------------------------------
[INFO] BUILD SUCCESS
[INFO] ------------------------------------------------------------------------
[INFO] Total time:  6.311 s
[INFO] Finished at: 2026-09-30T12:10:38+08:00
[INFO] ------------------------------------------------------------------------
